 31 | ERROR | [x] Found redundant variable name "$redundantVariableName" in @var
 36 | ERROR | [x] Found redundant variable name "$redundantWithComment" in @var
 41 | ERROR | [x] Found redundant variable name "$redundantBeforeType" in @var
