 3 | ERROR | Line exceeds maximum limit of 80 characters; contains 105 characters
