 13 | ERROR | Found @returns instead of @return
 19 | ERROR | Found @returns instead of @return
