 24 | ERROR | [x] Found @cover instead of @covers
 25 | ERROR | [x] Found @inheritdoc instead of @inheritDoc
 26 | ERROR | [x] Found @licence instead of @license
 27 | ERROR | [x] Found @params instead of @param
 29 | ERROR | [x] Found @returns instead of @return
 30 | ERROR | [x] Found @throw instead of @throws
 31 | ERROR | [x] Found @type instead of @var
 32 | ERROR | [x] Found @use instead of @uses
 39 | ERROR | [x] Found @Cover instead of @covers
 40 | ERROR | [x] Found @Inheritdoc instead of @inheritDoc
 41 | ERROR | [x] Found @Licence instead of @license
 42 | ERROR | [x] Found @Params instead of @param
 44 | ERROR | [x] Found @Returns instead of @return
 45 | ERROR | [x] Found @Throw instead of @throws
 46 | ERROR | [x] Found @Type instead of @var
 47 | ERROR | [x] Found @Use instead of @uses
 68 | ERROR | [ ] PHPDoc tag @package is not allowed
 74 | ERROR | [x] Found @coverdefaultclass instead of @coversDefaultClass
 75 | ERROR | [x] Found @covernothing instead of @coversNothing
 76 | ERROR | [x] Found @coversdefaultclass instead of @coversDefaultClass
 77 | ERROR | [x] Found @coversnothing instead of @coversNothing
 78 | ERROR | [x] Found @dataprovider instead of @dataProvider
 79 | ERROR | [x] Found @deprecate instead of @deprecated
 80 | ERROR | [x] Found @expectedexception instead of @expectedException
 81 | ERROR | [x] Found @expectedexceptioncode instead of @expectedExceptionCode
 82 | ERROR | [x] Found @expectedexceptionmessage instead of @expectedExceptionMessage
 83 | ERROR | [x] Found @ToDo instead of @todo
 84 | ERROR | [x] Found @TODO: instead of @todo
