 5 | ERROR | [x] Imports are not alphabetically ordered
 7 | ERROR | [x] Imports are not alphabetically ordered
