 28 | ERROR | Full qualified class name "…\Example1" found, please utilize "use …"
 31 | ERROR | Full qualified class name "…\Example1" found, please utilize "use …"
